\ harness_test.fs - validates the test harness itself
 ok 

 ok 
\ Should pass
 ok 
T{ 1 2 SWAP -> 2 1 }T
 ok 

 ok 
\ Should fail with INCORRECT RESULT
 ok 
T{ 1 2 SWAP -> 1 2 }T
INCORRECT RESULT: 
INCORRECT RESULT: 
 ok 

 ok 
\ Should fail with WRONG NUMBER OF RESULTS
 ok 
T{ 1 2 SWAP -> 1 2 3 }T
WRONG NUMBER OF RESULTS: 
 ok 3

 ok 3
DONE
###DONE###