\ interpret_test.fs - Interpreter regression tests
 ok 

 ok 
\ COMPARE
 ok 
CREATE ABC  3 C, $61 C, $62 C, $63 C,
 ok 
CREATE BCD  3 C, $62 C, $63 C, $64 C,
 ok 
CREATE ABCD 4 C, $61 C, $62 C, $63 C, $64 C,
 ok 

 ok 
T{ ABC  COUNT BCD  COUNT COMPARE -> -1 }T
 ok 
T{ BCD  COUNT ABC  COUNT COMPARE ->  1 }T
 ok 
T{ ABC  COUNT ABC  COUNT COMPARE ->  0 }T
 ok 
T{ ABC  COUNT ABCD COUNT COMPARE -> -1 }T
 ok 
T{ ABCD COUNT ABC  COUNT COMPARE ->  1 }T
 ok 

 ok 
\ FIND - word not found
 ok 
: FINDWORD ( "name" -- flag ) BL WORD FIND NIP ;
 ok 
T{ FINDWORD NOTAWORD -> 0 }T
 ok 
T{ FINDWORD NUMBER -> 1 }T
 ok 
T{ FINDWORD IF -> -1 }T
 ok 

 ok 
\ Basic interpretation
 ok 
T{ 1 -> 1 }T
 ok 
T{ 2 3 + -> 5 }T
 ok 
T{ -1 ABS -> 1 }T
 ok 

 ok 
\ CHAR [CHAR]
 ok 

 ok 
T{ CHAR X     -> $58 }T
 ok 
T{ CHAR HELLO -> $48 }T
 ok 

 ok 
T{ : GC1 [CHAR] X     ; -> }T
 ok 
T{ : GC2 [CHAR] HELLO ; -> }T
 ok 
T{ GC1 -> $58 }T
 ok 
T{ GC2 -> $48 }T
 ok 

 ok 
DONE
###DONE###