\ math_test.fs - Arithmetic regression tests
 ok 

 ok 
\ +
 ok 
T{ 597 4133 + -> 4730 }T
 ok 

 ok 
\ +!
 ok 
VARIABLE DATA
 ok 
33 DATA !
 ok 
T{ 13 DATA +! DATA @ -> 46 }T
 ok 

 ok 
\ -
 ok 
T{ 4133 597 - -> 3536 }T
 ok 

 ok 
\ *
 ok 
T{ 4133 7 * -> 28931 }T
 ok 
T{ 4133 -3 * -> -12399 }T
 ok 
T{ -3 -3 * -> 9 }T
 ok 
T{ -3 20 * -> -60 }T
 ok 

 ok 
\ UM*
 ok 
T{ 4133 20 UM* -> 17124 1 }T
 ok 
T{ 4133 65533 UM* -> 53137 4132 }T
 ok 
T{ 65533 65533 UM* -> 9 65530 }T
 ok 
T{ 65533 20 UM* -> 65476 19 }T
 ok 

 ok 
\ UM/MOD
 ok 
T{ 1025 0 14 UM/MOD -> 3 73 }T
 ok 
T{ 1025 0 0 UM/MOD -> 1025 -1 }T
 ok 

 ok 
\ /MOD
 ok 
T{ 4133 20 /MOD -> 13 206 }T
 ok 
T{ 4133 -3 /MOD -> -1 -1378 }T
 ok 
T{ -3 -3 /MOD -> 0 1 }T
 ok 
T{ -3 20 /MOD -> 17 -1 }T
 ok 

 ok 
\ /
 ok 
T{ 4133 20 / -> 206 }T
 ok 
T{ 4133 -3 / -> -1378 }T
 ok 
T{ -3 -3 / -> 1 }T
 ok 
T{ -3 20 / -> -1 }T
 ok 
T{ -3 1 / -> -3 }T
 ok 

 ok 
\ MOD
 ok 
T{ 4133 20 MOD -> 13 }T
 ok 
T{ 4133 -3 MOD -> -1 }T
 ok 
T{ -3 -3 MOD -> 0 }T
 ok 
T{ -3 20 MOD -> 17 }T
 ok 

 ok 
\ NEGATE
 ok 
T{ -32 NEGATE -> 32 }T
 ok 
T{ 224 NEGATE -> -224 }T
 ok 

 ok 
\ ABS
 ok 
T{ -32 ABS -> 32 }T
 ok 
T{ 224 ABS -> 224 }T
 ok 

 ok 
\ MAX
 ok 
T{ 50 4146 MAX -> 4146 }T
 ok 

 ok 
\ MIN
 ok 
T{ 50 4146 MIN -> 50 }T
 ok 

 ok 
\ 1+
 ok 
T{ 4146 1+ -> 4147 }T
 ok 

 ok 
\ 1-
 ok 
T{ 1335 1- -> 1334 }T
 ok 

 ok 
\ 2*
 ok 
T{ $0537 2* -> $0A6E }T
 ok 

 ok 
\ 2/
 ok 
T{ $0537 2/ -> $029B }T
 ok 

 ok 
\ S>D
 ok 
T{ $0537 S>D -> $0537 0 }T
 ok 
T{ $8537 S>D -> $8537 -1 }T
 ok 

 ok 
DONE
###DONE###