\ memory_test.fs - Memory access regression tests
 ok 

 ok 
\ @
 ok 
VARIABLE FETCH-VAR
 ok 
$BEEF FETCH-VAR !
 ok 
T{ FETCH-VAR @ -> $BEEF }T
 ok 

 ok 
\ !
 ok 
VARIABLE STORE-VAR
 ok 
$BEEF STORE-VAR !
 ok 
T{ $FEED STORE-VAR ! STORE-VAR @ -> $FEED }T
 ok 

 ok 
\ C@
 ok 
VARIABLE CFETCH-BUF
 ok 
$0043 CFETCH-BUF !
 ok 
T{ CFETCH-BUF C@ -> $43 }T
 ok 

 ok 
\ C!
 ok 
VARIABLE CSTORE-VAR
 ok 
$FFFF CSTORE-VAR !
 ok 
T{ $24 CSTORE-VAR C! CSTORE-VAR C@ -> $24 }T
 ok 

 ok 
\ 2@
 ok 
2VARIABLE TWOFETCH-BUF
 ok 
$FEED $BEEF TWOFETCH-BUF 2!
 ok 
T{ TWOFETCH-BUF 2@ -> $FEED $BEEF }T
 ok 

 ok 
\ 2!
 ok 
2VARIABLE TWOSTORE-BUF
 ok 
T{ $FEED $BEEF TWOSTORE-BUF 2!
 ok 
   TWOSTORE-BUF @
 ok 1
   TWOSTORE-BUF CELL+ @ -> $BEEF $FEED }T
 ok 

 ok 
\ ALIGNED
 ok 
T{ $0057 ALIGNED -> $0058 }T
 ok 
T{ $0064 ALIGNED -> $0064 }T
 ok 

 ok 
\ CHAR+
 ok 
T{ $0057 CHAR+ -> $0058 }T
 ok 

 ok 
VARIABLE MOVE-SRC 6 ALLOT
 ok 
MOVE-SRC $48 C!
 ok 
MOVE-SRC 1 CHARS + $65 C!
 ok 
MOVE-SRC 2 CHARS + $6C C!
 ok 
MOVE-SRC 3 CHARS + $6C C!
 ok 
MOVE-SRC 4 CHARS + $6F C!
 ok 
MOVE-SRC 5 CHARS + $21 C!
 ok 
MOVE-SRC 6 CHARS + $20 C!
 ok 
MOVE-SRC 7 CHARS + $20 C!
 ok 

 ok 
VARIABLE MOVE-DST 6 ALLOT
 ok 
MOVE-DST 8 $20 FILL
 ok 

 ok 
T{ MOVE-SRC MOVE-DST 8 MOVE
 ok 
   MOVE-SRC 8 MOVE-DST 8 COMPARE -> 0 }T
 ok 

 ok 
\ FILL
 ok 
VARIABLE FILL-DST 6 ALLOT
 ok 
T{ FILL-DST 8 $24 FILL
 ok 
   FILL-DST C@ -> $24 }T
 ok 
T{ FILL-DST 1 CHARS + C@ -> $24 }T
 ok 
T{ FILL-DST 7 CHARS + C@ -> $24 }T
 ok 

 ok 
\ ERASE
 ok 
VARIABLE ERASE-BUF 6 ALLOT
 ok 
ERASE-BUF 8 $FF FILL       \ initialize to $FF
 ok 
T{ ERASE-BUF 8 ERASE
 ok 
   ERASE-BUF C@ -> 0 }T
 ok 
T{ ERASE-BUF 3 CHARS + C@ -> 0 }T
 ok 
T{ ERASE-BUF 7 CHARS + C@ -> 0 }T
 ok 

 ok 
DONE
###DONE###