\ stack_test.fs - Parameter stack regression tests
 ok 

 ok 
T{ 1 2 3 SWAP -> 1 3 2 }T
 ok 
T{ 1 2 3 SWAP -> 1 3 2 }T
 ok 

 ok 
\ DUP
 ok 
T{ 1 DUP -> 1 1 }T
 ok 
T{ -1 DUP -> -1 -1 }T
 ok 

 ok 
\ DROP
 ok 
T{ 1 2 DROP -> 1 }T
 ok 

 ok 
\ OVER
 ok 
T{ 1 2 OVER -> 1 2 1 }T
 ok 

 ok 
\ ROT
 ok 
T{ 1 2 3 ROT -> 2 3 1 }T
 ok 

 ok 
\ NIP
 ok 
T{ 1 2 NIP -> 2 }T
 ok 

 ok 
\ TUCK
 ok 
T{ 1 2 TUCK -> 2 1 2 }T
 ok 

 ok 
\ 2DUP
 ok 
T{ 1 2 2DUP -> 1 2 1 2 }T
 ok 

 ok 
\ 2DROP
 ok 
T{ 1 2 3 4 2DROP -> 1 2 }T
 ok 

 ok 
\ 2SWAP
 ok 
T{ 1 2 3 4 2SWAP -> 3 4 1 2 }T
 ok 

 ok 
\ 2OVER
 ok 
T{ 1 2 3 4 2OVER -> 1 2 3 4 1 2 }T
 ok 

 ok 
\ PICK
 ok 
T{ 1 2 3 4 1 2 PICK -> 1 2 3 4 1 3 }T
 ok 

 ok 
\ DEPTH
 ok 
T{ 1 2 3 4 1 3 PICK -> 1 2 3 4 1 2 }T
 ok 

 ok 
CLEAR-STACK
 ok 

 ok 
: TEST>R  ( n -- n ) >R R> ;
 ok 

 ok 
T{ 42 TEST>R -> 42 }T
 ok 

 ok 
: TEST>R2  ( a b -- b a ) >R >R R> R> ;
 ok 

 ok 
T{ 1 2 TEST>R2 -> 1 2 }T
 ok 

 ok 
: TESTR@  ( n -- n n ) >R R@ R> ;
 ok 

 ok 
T{ 42 TESTR@ -> 42 42 }T
 ok 

 ok 
DONE
###DONE###